🔄 Lecture de data.json…
📀 143 morceaux dans data.json
📡 Récupération des écoutes Last.fm (50 dernières)…
❌ Erreur : fetch failed
🔄 Lecture de data.json…
📀 143 morceaux dans data.json
📡 Récupération des écoutes Last.fm (50 dernières)…
🎵 50 écoutes récupérées depuis Last.fm

💿 Nouvel album détecté : "Dernière musique obscure de la nuit peinte" — Vii
   🔍 Récupération de toutes les pistes…
   ✅ 1. "Nosferatu"
   ✅ 2. "Milligramme"
   ✅ 3. "L'usage des armes lentes"
   ✅ 4. "K (Interlude)"
   ✅ 5. "L’appareil à spleen"
   ✅ 6. "Manteau de larmes"
   ✅ 7. "Les masques (Interlude)"
   ✅ 8. "Krystal"
   ✅ 9. "Gom Jabbar"
   ✅ 10. "Comme un revolver vide"
   ✅ 11. "Nébula (Interlude)"
   ✅ 12. "Palmer Eldritch"
   ✅ 13. "Melmoth"
   ✅ 14. "Aquarelle"
   ✅ 15. "Un animal dans le miroir"
   → 15 piste(s) ajoutée(s)
💿 Nouvel album détecté : "X" — Vii
   🔍 Récupération de toutes les pistes…
   ✅ 1. "Tempx X (Intro)"
   ✅ 2. "L'être à venir"
   ✅ 3. "Pompéi"
   ✅ 4. "Le ciel capricieux"
   ✅ 5. "Ubik"
   ✅ 6. "Uchronie"
   ✅ 7. "Sorti de crâne de Zeus"
   ✅ 8. "L'inconnu (Interlude)"
   ✅ 9. "Cassiopée"
   ✅ 10. "Mise à jour"
   ✅ 11. "Eon (L'exégèse)"
   ✅ 12. "Un homme ça se fabrique"
   ✅ 13. "Chant de vision"
   ✅ 14. "Humania (Interlude)"
   ✅ 15. "Les années-lumière"
   → 15 piste(s) ajoutée(s)
💿 Nouvel album détecté : "La mémoire des jours" — Greenfinch
   🔍 Récupération de toutes les pistes…
   ✅ 1. "La mémoire des jours"
   → 1 piste(s) ajoutée(s)
🎵 Track manquante dans un album connu : "Le sentier de l'écriture"
   ✅ Ajout : "Le sentier de l'écriture"
💿 Nouvel album détecté : "Cercueil de peau" — Euphonik
   🔍 Récupération de toutes les pistes…
   ✅ 1. "Cercueil de peau"
   ✅ 2. "Les anges de l'oubli"
   ✅ 3. "Déjà vu"
   ✅ 4. "Lana"
   ✅ 5. "L'art de la guerre"
   ✅ 6. "Interlude"
   ✅ 7. "James, Pt. 1"
   ✅ 8. "James, Pt. 2"
   ✅ 9. "Symbiote"
   ✅ 10. "Paradis artificiel"
   ✅ 11. "Crève, je t'aime"
   ✅ 12. "Humain"
   ✅ 13. "6ème soleil"
   ✅ 14. "Pomme bleue"
   ✅ 15. "Outro"
   → 15 piste(s) ajoutée(s)
💿 Nouvel album détecté : "Trilogie (Tome 2)" — Seizur
   🔍 Récupération de toutes les pistes…
   ✅ 1. "Peregrinus"
   ✅ 2. "Ce matin là"
   ✅ 3. "S'aimer en enfer"
   ✅ 4. "1:02"
   ✅ 5. "Ounga"
   ✅ 1. "L'audacieux"
   ✅ 2. "La vie de rêve"
   ✅ 3. "Décisions"
   ✅ 4. "Partis de rien"
   ✅ 5. "La seule"
   ✅ 6. "Mirus"
   ✅ 1. "Deus"
   ✅ 2. "Comme d'habitude"
   ✅ 3. "J'fais les €"
   ✅ 4. "#CQTP"
   ✅ 5. "J'ai trop mal"
   ✅ 6. "Ma gow"
   ✅ 1. "Ça va vite"
   ✅ 2. "Sommet"
   ✅ 3. "Rappel-toi"
   → 20 piste(s) ajoutée(s)
💿 Nouvel album détecté : "La danse des étoiles" — Lil Purpx
   🔍 Récupération de toutes les pistes…
   ✅ 1. "La danse des étoiles"
   → 1 piste(s) ajoutée(s)
🎵 Track manquante dans un album connu : "Mona Lisa"
   ✅ Ajout : "Mona Lisa"
💿 Nouvel album détecté : "MADAME" — TIZMA
   🔍 Récupération de toutes les pistes…
   ✅ 1. "MADAME"
   → 1 piste(s) ajoutée(s)
🎵 Track manquante dans un album connu : "Café Zèbre"
💿 Nouvel album détecté : "I Wanna Be Like You (The Monkey Song)" — Sid Bader
   🔍 Récupération de toutes les pistes…
   ✅ 1. "I Wanna Be Like You (The Monkey Song)"
   → 1 piste(s) ajoutée(s)
💿 Nouvel album détecté : "RUSH!" — Måneskin
   🔍 Récupération de toutes les pistes…
   ✅ 1. "OWN MY MIND"
   ✅ 2. "GOSSIP (feat. Tom Morello)"
   ✅ 3. "TIMEZONE"
   ✅ 4. "BLA BLA BLA"
   ✅ 5. "BABY SAID"
   ✅ 6. "GASOLINE"
   ✅ 7. "FEEL"
   ✅ 8. "DON'T WANNA SLEEP"
   ✅ 9. "KOOL KIDS"
   ✅ 10. "IF NOT FOR YOU"
   ✅ 11. "READ YOUR DIARY"
   ✅ 12. "MARK CHAPMAN"
   ✅ 13. "LA FINE"
   ✅ 14. "IL DONO DELLA VITA"
   ✅ 15. "MAMMAMIA"
   ✅ 16. "SUPERMODEL"
   ✅ 17. "THE LONELIEST"
   → 17 piste(s) ajoutée(s)
🎵 Track manquante dans un album connu : "Beat It"
   ✅ Ajout : "Beat It"
🎵 Track manquante dans un album connu : "Si je le veux"

🎉 89 morceaux ajoutés dans data.json
📀 Total : 232 morceaux
🔄 Lecture de data.json…
📀 232 morceaux dans data.json
📡 Récupération des écoutes Last.fm (50 dernières)…
🎵 50 écoutes récupérées depuis Last.fm

💿 Nouvel album détecté : "Dieu est une femme" — Euphonik
   🔍 Récupération de toutes les pistes…
   ✅ 1. "Histoire d'amour"
   ✅ 2. "Etrange comme je t'aime"
   ✅ 3. "Il y a ton sourire (Version original)"
   ✅ 4. "Amour & turbulences"
   ✅ 5. "Justine"
   ✅ 6. "Vice et trahisons (Version original)"
   ✅ 7. "Le syndrome de Narcisse"
   ✅ 8. "Le voyage de Nina Scarlette"
   ✅ 9. "Solitaire"
   ✅ 10. "Elise"
   ✅ 11. "Petit pays de pluie"
   ✅ 12. "Mr. Gainsbourg"
   ✅ 13. "Sakura"
   ✅ 14. "Vulgaire & cruel"
   ✅ 15. "La cavalière sans tête"
   ✅ 16. "Itô noe"
   ✅ 17. "Tout va bien, je vais mal"
   ✅ 18. "Les enfants perdus"
   ✅ 19. "Fantôme"
   ✅ 20. "Nos jours heureux"
   → 20 piste(s) ajoutée(s)
💿 Nouvel album détecté : "Âme de femme" — James Deano
   🔍 Récupération de toutes les pistes…
   ✅ 1. "Âme de femme"
   → 1 piste(s) ajoutée(s)
💿 Nouvel album détecté : "Arbre à palabres" — Ywill
   🔍 Récupération de toutes les pistes…
   ✅ 1. "Esprits fracturés"
   ✅ 2. "Skyline"
   ✅ 3. "Le mot juste (feat. Dj Sharky)"
   ✅ 4. "Libre"
   ✅ 5. "Jeter des ponts (feat. Youssef Swatt's)"
   ✅ 6. "Là-bas"
   ✅ 7. "Discipline (feat. Dj Venum)"
   ✅ 8. "On en reparlera"
   ✅ 9. "Dédales (feat. Paranoyan)"
   ✅ 10. "La salle du temps"
   ✅ 11. "Le sourire de mon boutchou"
   ✅ 12. "Bientôt demain (feat. VII)"
   ✅ 13. "Encore une"
   ✅ 14. "Zik d'ascenseur (feat. La Jonction)"
   ✅ 15. "Quatre lettres"
   ✅ 16. "MCII (Greenmix)"
   ✅ 17. "Arbre à palabres"
   → 17 piste(s) ajoutée(s)
💿 Nouvel album détecté : "L'apéro avant la galette" — Le Gouffre
   🔍 Récupération de toutes les pistes…
   ✅ 1. "A la dérive"
   ✅ 2. "L'apéro avant la galette"
   ✅ 3. "Pas de dénouement"
   ✅ 4. "Sur le terrain"
   ✅ 5. "Drogue sonore"
   ✅ 6. "C'est pour le gouffre"
   ✅ 7. "Le diable nous manipule"
   ✅ 8. "J'rectifie l'tir"
   ✅ 9. "En pleine tempête"
   ✅ 10. "Bouffée d'résine"
   ✅ 11. "L'odeur remonte"
   ✅ 12. "J'peux pas croire"
   ✅ 13. "Burnout"
   ✅ 14. "Générique 2 fin"
   → 14 piste(s) ajoutée(s)
🎵 Track manquante dans un album connu : "Vide"
💿 Nouvel album détecté : "Tout va bien, je vais mal (Freestyle)" — Euphonik
   🔍 Récupération de toutes les pistes…
   ✅ 1. "Tout va bien, je vais mal (Freestyle)"
   → 1 piste(s) ajoutée(s)
💿 Nouvel album détecté : "MEUF 2 TERRAIN" — Fanny Polly
   🔍 Récupération de toutes les pistes…
   ✅ 1. "Au bord des lèvres"
   ✅ 2. "Les feuilles mortes"
   ✅ 3. "C'est trop bon"
   ✅ 4. "Tata"
   ✅ 5. "Peu importe"
   ✅ 6. "Piqués"
   ✅ 7. "À nos périls et risques"
   ✅ 8. "Jour de match"
   ✅ 9. "Chica"
   ✅ 10. "Fond d'16"
   ✅ 11. "C'est simple"
   ✅ 12. "Parce que je le vaux bien"
   → 12 piste(s) ajoutée(s)
🎵 Track manquante dans un album connu : "Café Zèbre"
🎵 Track manquante dans un album connu : "I Wanna Be Like You - The Monkey Song"

🎉 65 morceaux ajoutés dans data.json
📀 Total : 297 morceaux
🔄 Lecture de data.json…
📀 297 morceaux dans data.json
📡 Récupération des écoutes Last.fm (50 dernières)…
🎵 50 écoutes récupérées depuis Last.fm

💿 Nouvel album détecté : "Rebeu fragile 2 (Uber Banger #3)" — ICO
   🔍 Récupération de toutes les pistes…
   ✅ 1. "Rebeu fragile 2 (Uber Banger #3)"
   → 1 piste(s) ajoutée(s)
💿 Nouvel album détecté : "Pluwu (Uber Banger #2)" — ICO
   🔍 Récupération de toutes les pistes…
   ✅ 1. "Pluwu (Uber Banger #2)"
   → 1 piste(s) ajoutée(s)
💿 Nouvel album détecté : "Tout tourne autour du Soleil" — Keny Arkana
   🔍 Récupération de toutes les pistes…
   ✅ 1. "Intro: Tout tourne autour du Soleil"
   ✅ 2. "Esprits libres"
   ✅ 3. "Le syndrome de l'exclu (feat. RPZ)"
   ✅ 4. "Capitale de la rupture"
   ✅ 5. "Entre les lignes #1: Car nous sommes le monde"
   ✅ 6. "Vie d'artiste"
   ✅ 7. "Gens pressés"
   ✅ 8. "Cynisme vous a tué ?"
   ✅ 9. "Indignados"
   ✅ 10. "Casse le schéma"
   ✅ 11. "J'ai osé"
   ✅ 12. "Entre les lignes #2: 20.12"
   ✅ 13. "Ya urgence !"
   ✅ 14. "Le monde est notre reflet"
   ✅ 15. "Cherche en toi"
   ✅ 16. "Fille du vent"
   ✅ 17. "Tout tourne autour du Soleil"
   ✅ 18. "Retour à la terre (Outro)"
   → 18 piste(s) ajoutée(s)
💿 Nouvel album détecté : "Céleste" — Hippocampe Fou
   🔍 Récupération de toutes les pistes…
   ✅ 1. "Las Estrellas"
   ✅ 2. "Mes échecs"
   ✅ 3. "Obélix"
   ✅ 4. "Si j'étais"
   ✅ 5. "Pubis ennemi"
   ✅ 6. "Presque Rien"
   ✅ 7. "La grande évasion"
   ✅ 8. "Dream"
   ✅ 9. "Chasse aux sorcières"
   ✅ 10. "Chorale des orphelins à la langue coupée"
   ✅ 11. "Arbuste généalogique"
   → 11 piste(s) ajoutée(s)
💿 Nouvel album détecté : "La mise au poing" — Davodka
   🔍 Récupération de toutes les pistes…
   ✅ 1. "La mise au poing"
   ✅ 2. "Ici t'es personne"
   ✅ 3. "Le vers 2 trop"
   ✅ 4. "Ligne de conduite"
   ✅ 5. "Le couteau dans la paix"
   ✅ 6. "Mise à flow"
   ✅ 7. "Addiction (Interlude)"
   ✅ 8. "Toujours les mêmes qui trinquent"
   ✅ 9. "Manège désenchanté"
   ✅ 10. "L'ouragan"
   ✅ 11. "La vérité dérange"
   ✅ 12. "Poignée de punchlines"
   ✅ 13. "Les maux de la fin"
   → 13 piste(s) ajoutée(s)
💿 Nouvel album détecté : "Cha O Ha" — Furax Barbarossa
   🔍 Récupération de toutes les pistes…
   ✅ 1. "Intro"
   ✅ 2. "Long fleuve tranquille"
   ✅ 3. "Crazy horse"
   ✅ 4. "Flat line"
   ✅ 5. "Marionnettiste"
   → 5 piste(s) ajoutée(s)
💿 Nouvel album détecté : "Pas Pour Les Jeunes EP" — Hippocampe Fou
   🔍 Récupération de toutes les pistes…
   ✅ 1. "Pas Pour Les Jeunes"
   ✅ 2. "La thune de ma femme"
   ✅ 3. "Swipe Right"
   ✅ 4. "Wiki Freestyle"
   ✅ 5. "Tiens-moi la main"
   → 5 piste(s) ajoutée(s)
💿 Nouvel album détecté : "Les lucioles" — Euphonik
   🔍 Récupération de toutes les pistes…
   ✅ 1. "Tout va bien, je vais mieux"
   ✅ 2. "Les lucioles"
   ✅ 3. "Journal d'enfer"
   ✅ 4. "C'est ainsi"
   ✅ 5. "Hit pour l'hiver"
   ✅ 6. "Dragon de miel"
   ✅ 7. "Né pour mourir"
   ✅ 8. "Anne"
   ✅ 9. "Maison hantée"
   ✅ 10. "Roi démon"
   ✅ 11. "Sauve-moi"
   ✅ 12. "Labyrinthe"
   → 12 piste(s) ajoutée(s)
🎵 Track manquante dans un album connu : "Il y a ton sourire - Version original"
🎵 Track manquante dans un album connu : "Vide"
🎵 Track manquante dans un album connu : "Tout va bien, je vais mal - Freestyle"

🎉 66 morceaux ajoutés dans data.json
📀 Total : 363 morceaux
🔄 Lecture de data.json…
📀 363 morceaux dans data.json
📡 Récupération des écoutes Last.fm (50 dernières)…
🎵 50 écoutes récupérées depuis Last.fm

💿 Nouvel album détecté : "Hurricane Carter" — Tunisiano
   🔍 Récupération de toutes les pistes…
   ✅ 1. "Hurricane Carter"
   → 1 piste(s) ajoutée(s)
💿 Nouvel album détecté : "L'école des points vitaux" — Sexion d'Assaut
   🔍 Récupération de toutes les pistes…
   ✅ 1. "Intro (en résumé)"
   ✅ 2. "Casquette à l'envers"
   ✅ 3. "Mon gars sûr"
   ✅ 4. "L'école des points vitaux"
   ✅ 5. "Ils appellent ça"
   ✅ 6. "Itinéraire d'un chômeur"
   ✅ 7. "La drogue te donne des ailes"
   ✅ 8. "Tu l'as fait pour elle"
   ✅ 9. "Paname lève-toi"
   ✅ 10. "Tel père tel fils"
   ✅ 11. "Rien n' t'appartient"
   ✅ 12. "Changement d'ambiance"
   ✅ 13. "J'ai pas les Loves"
   ✅ 14. "Ca chuchote"
   ✅ 15. "Wati by Night"
   ✅ 16. "Désolé"
   → 16 piste(s) ajoutée(s)
💿 Nouvel album détecté : "Sur le drapeau (Extrait du projet 93 Empire)" — Suprême NTM
   🔍 Récupération de toutes les pistes…
   ✅ 1. "Sur le drapeau"
   → 1 piste(s) ajoutée(s)
🎵 Track manquante dans un album connu : "Marie Jeanne - Bonus"
   ✅ Ajout : "Marie Jeanne (Bonus)"
💿 Nouvel album détecté : "Désobéissance" — Keny Arkana
   🔍 Récupération de toutes les pistes…
   ✅ 1. "Désobéissance civile"
   ✅ 2. "Réveillez-vous"
   ✅ 3. "Ordre mondial"
   ✅ 4. "La rue nous appartient"
   ✅ 5. "Alterlude: Le changement viendra d'en bas"
   ✅ 6. "Les chemins du retour"
   ✅ 7. "Terre mère n'est pas à vendre"
   ✅ 8. "Alterlude: Pachamama"
   ✅ 9. "Cinquième soleil"
   → 9 piste(s) ajoutée(s)
💿 Nouvel album détecté : "x raisons" — Saian Supa Crew
   🔍 Récupération de toutes les pistes…
   ✅ 1. "Intro"
   ✅ 2. "Ils étaient une fois"
   ✅ 3. "19, 20 ans"
   ✅ 4. "Polices"
   ✅ 5. "Maladie"
   ✅ 6. "Interlude"
   ✅ 7. "Du 14.02.2002"
   ✅ 8. "Voodoo Chile"
   ✅ 9. "J'entends dire"
   ✅ 10. "La dernière séance"
   ✅ 11. "Au nom de quoi"
   ✅ 12. "Soldat 1"
   ✅ 13. "Soldat 2"
   ✅ 14. "À demi-nue"
   ✅ 15. "Mohammed et Sébastien"
   ✅ 16. "J'avais"
   ✅ 17. "Tourner la page"
   ✅ 18. "... Mitaw tao"
   ✅ 19. "A co-mow (Hamishow boh)"
   ✅ 20. "Le chanteur fou"
   ✅ 21. "X raisons"
   → 21 piste(s) ajoutée(s)
🎵 Track manquante dans un album connu : "Rebeu fragile 2 - Uber Banger #3"
🎵 Track manquante dans un album connu : "Pluwu - Uber Banger #2"
🎵 Track manquante dans un album connu : "Il y a ton sourire - Version original"
🎵 Track manquante dans un album connu : "Vide"
🎵 Track manquante dans un album connu : "Tout va bien, je vais mal - Freestyle"

🎉 49 morceaux ajoutés dans data.json
📀 Total : 412 morceaux
node:fs:555
  return binding.open(
                 ^

Error: EPERM: operation not permitted, open '/Users/liliancornet/Documents/COUR MMI/MMI 1/SEMESTRE 2/MMI1 - R2.12 Intégration/TP MARILL/Spoti'Stat/sync.mjs'
    at Object.openSync (node:fs:555:18)
    at readFileSync (node:fs:439:35)
    at getSourceSync (node:internal/modules/esm/load:37:14)
    at defaultLoadSync (node:internal/modules/esm/load:153:34)
    at #loadAndMaybeBlockOnLoaderThread (node:internal/modules/esm/loader:790:12)
    at #loadSync (node:internal/modules/esm/loader:810:49)
    at ModuleLoader.load (node:internal/modules/esm/loader:775:26)
    at ModuleLoader.loadAndTranslate (node:internal/modules/esm/loader:520:31)
    at #getOrCreateModuleJobAfterResolve (node:internal/modules/esm/loader:571:36)
    at afterResolve (node:internal/modules/esm/loader:619:52) {
  errno: -1,
  code: 'EPERM',
  syscall: 'open',
  path: "/Users/liliancornet/Documents/COUR MMI/MMI 1/SEMESTRE 2/MMI1 - R2.12 Intégration/TP MARILL/Spoti'Stat/sync.mjs"
}

Node.js v25.5.0
node:fs:555
  return binding.open(
                 ^

Error: EPERM: operation not permitted, open '/Users/liliancornet/Documents/COUR MMI/MMI 1/SEMESTRE 2/MMI1 - R2.12 Intégration/TP MARILL/Spoti'Stat/sync.mjs'
    at Object.openSync (node:fs:555:18)
    at readFileSync (node:fs:439:35)
    at getSourceSync (node:internal/modules/esm/load:37:14)
    at defaultLoadSync (node:internal/modules/esm/load:153:34)
    at #loadAndMaybeBlockOnLoaderThread (node:internal/modules/esm/loader:790:12)
    at #loadSync (node:internal/modules/esm/loader:810:49)
    at ModuleLoader.load (node:internal/modules/esm/loader:775:26)
    at ModuleLoader.loadAndTranslate (node:internal/modules/esm/loader:520:31)
    at #getOrCreateModuleJobAfterResolve (node:internal/modules/esm/loader:571:36)
    at afterResolve (node:internal/modules/esm/loader:619:52) {
  errno: -1,
  code: 'EPERM',
  syscall: 'open',
  path: "/Users/liliancornet/Documents/COUR MMI/MMI 1/SEMESTRE 2/MMI1 - R2.12 Intégration/TP MARILL/Spoti'Stat/sync.mjs"
}

Node.js v25.5.0
node:fs:555
  return binding.open(
                 ^

Error: EPERM: operation not permitted, open '/Users/liliancornet/Documents/COUR MMI/MMI 1/SEMESTRE 2/MMI1 - R2.12 Intégration/TP MARILL/Spoti'Stat/sync.mjs'
    at Object.openSync (node:fs:555:18)
    at readFileSync (node:fs:439:35)
    at getSourceSync (node:internal/modules/esm/load:37:14)
    at defaultLoadSync (node:internal/modules/esm/load:153:34)
    at #loadAndMaybeBlockOnLoaderThread (node:internal/modules/esm/loader:790:12)
    at #loadSync (node:internal/modules/esm/loader:810:49)
    at ModuleLoader.load (node:internal/modules/esm/loader:775:26)
    at ModuleLoader.loadAndTranslate (node:internal/modules/esm/loader:520:31)
    at #getOrCreateModuleJobAfterResolve (node:internal/modules/esm/loader:571:36)
    at afterResolve (node:internal/modules/esm/loader:619:52) {
  errno: -1,
  code: 'EPERM',
  syscall: 'open',
  path: "/Users/liliancornet/Documents/COUR MMI/MMI 1/SEMESTRE 2/MMI1 - R2.12 Intégration/TP MARILL/Spoti'Stat/sync.mjs"
}

Node.js v25.5.0
node:fs:555
  return binding.open(
                 ^

Error: EPERM: operation not permitted, open '/Users/liliancornet/Documents/COUR MMI/MMI 1/SEMESTRE 2/MMI1 - R2.12 Intégration/TP MARILL/Spoti'Stat/sync.mjs'
    at Object.openSync (node:fs:555:18)
    at readFileSync (node:fs:439:35)
    at getSourceSync (node:internal/modules/esm/load:37:14)
    at defaultLoadSync (node:internal/modules/esm/load:153:34)
    at #loadAndMaybeBlockOnLoaderThread (node:internal/modules/esm/loader:790:12)
    at #loadSync (node:internal/modules/esm/loader:810:49)
    at ModuleLoader.load (node:internal/modules/esm/loader:775:26)
    at ModuleLoader.loadAndTranslate (node:internal/modules/esm/loader:520:31)
    at #getOrCreateModuleJobAfterResolve (node:internal/modules/esm/loader:571:36)
    at afterResolve (node:internal/modules/esm/loader:619:52) {
  errno: -1,
  code: 'EPERM',
  syscall: 'open',
  path: "/Users/liliancornet/Documents/COUR MMI/MMI 1/SEMESTRE 2/MMI1 - R2.12 Intégration/TP MARILL/Spoti'Stat/sync.mjs"
}

Node.js v25.5.0
node:fs:555
  return binding.open(
                 ^

Error: EPERM: operation not permitted, open '/Users/liliancornet/Documents/COUR MMI/MMI 1/SEMESTRE 2/MMI1 - R2.12 Intégration/TP MARILL/Spoti'Stat/sync.mjs'
    at Object.openSync (node:fs:555:18)
    at readFileSync (node:fs:439:35)
    at getSourceSync (node:internal/modules/esm/load:37:14)
    at defaultLoadSync (node:internal/modules/esm/load:153:34)
    at #loadAndMaybeBlockOnLoaderThread (node:internal/modules/esm/loader:790:12)
    at #loadSync (node:internal/modules/esm/loader:810:49)
    at ModuleLoader.load (node:internal/modules/esm/loader:775:26)
    at ModuleLoader.loadAndTranslate (node:internal/modules/esm/loader:520:31)
    at #getOrCreateModuleJobAfterResolve (node:internal/modules/esm/loader:571:36)
    at afterResolve (node:internal/modules/esm/loader:619:52) {
  errno: -1,
  code: 'EPERM',
  syscall: 'open',
  path: "/Users/liliancornet/Documents/COUR MMI/MMI 1/SEMESTRE 2/MMI1 - R2.12 Intégration/TP MARILL/Spoti'Stat/sync.mjs"
}

Node.js v25.5.0
node:fs:555
  return binding.open(
                 ^

Error: EPERM: operation not permitted, open '/Users/liliancornet/Documents/COUR MMI/MMI 1/SEMESTRE 2/MMI1 - R2.12 Intégration/TP MARILL/Spoti'Stat/sync.mjs'
    at Object.openSync (node:fs:555:18)
    at readFileSync (node:fs:439:35)
    at getSourceSync (node:internal/modules/esm/load:37:14)
    at defaultLoadSync (node:internal/modules/esm/load:153:34)
    at #loadAndMaybeBlockOnLoaderThread (node:internal/modules/esm/loader:790:12)
    at #loadSync (node:internal/modules/esm/loader:810:49)
    at ModuleLoader.load (node:internal/modules/esm/loader:775:26)
    at ModuleLoader.loadAndTranslate (node:internal/modules/esm/loader:520:31)
    at #getOrCreateModuleJobAfterResolve (node:internal/modules/esm/loader:571:36)
    at afterResolve (node:internal/modules/esm/loader:619:52) {
  errno: -1,
  code: 'EPERM',
  syscall: 'open',
  path: "/Users/liliancornet/Documents/COUR MMI/MMI 1/SEMESTRE 2/MMI1 - R2.12 Intégration/TP MARILL/Spoti'Stat/sync.mjs"
}

Node.js v25.5.0
🔄 Lecture de data.json…
📀 412 morceaux dans data.json
📡 Récupération des écoutes Last.fm (50 dernières)…
🎵 50 écoutes récupérées depuis Last.fm

💿 Nouvel album détecté : "Une nuit et cinq terres" — ETA
   🔍 Récupération de toutes les pistes…
   ✅ 1. "Du tout au rien"
   ✅ 2. "Des millions de vues"
   ✅ 3. "À la maison"
   ✅ 4. "Pour un regard"
   ✅ 5. "Éternel retour"
   ✅ 6. "Sans toi"
   ✅ 7. "La part des anges"
   ✅ 8. "Fin"
   → 8 piste(s) ajoutée(s)
💿 Nouvel album détecté : "Silex 2" — ETA
   🔍 Récupération de toutes les pistes…
   ✅ 1. "Silex 2"
   → 1 piste(s) ajoutée(s)
🎵 Track manquante dans un album connu : "Raccord"
   ✅ Ajout : "Raccord"
💿 Nouvel album détecté : "Erreur 404 (Reality Not Found)" — ETA
   🔍 Récupération de toutes les pistes…
   ✅ 1. "Erreur 404 (Reality Not Found)"
   → 1 piste(s) ajoutée(s)
💿 Nouvel album détecté : "13 jours à penser" — ETA
   🔍 Récupération de toutes les pistes…
   ✅ 1. "13 jours à penser"
   → 1 piste(s) ajoutée(s)
🎵 Track manquante dans un album connu : "Cramon(s)"
   ✅ Ajout : "Cramon(s)"
💿 Nouvel album détecté : "SALE ÉTAT" — ETA
   🔍 Récupération de toutes les pistes…
   ✅ 1. "SALE ÉTAT"
   → 1 piste(s) ajoutée(s)
💿 Nouvel album détecté : "Romina" — ETA
   🔍 Récupération de toutes les pistes…
   ✅ 1. "Avant Romina"
   ✅ 2. "Romina I (Remastered)"
   ✅ 3. "Romina II"
   ✅ 4. "Du rêve"
   ✅ 5. "Romina III"
   ✅ 6. "De l'inertie"
   ✅ 7. "Romina IV"
   ✅ 8. "Romina V"
   ✅ 9. "De la chute"
   ✅ 10. "Romina X"
   ✅ 11. "Après Romina"
   → 11 piste(s) ajoutée(s)
💿 Nouvel album détecté : "Mauvais Garçon" — ETA
   🔍 Récupération de toutes les pistes…
   ✅ 1. "Mauvais Garçon"
   → 1 piste(s) ajoutée(s)
🎵 Track manquante dans un album connu : "Café Zèbre"
💿 Nouvel album détecté : "#humanité" — Saez
   🔍 Récupération de toutes les pistes…
   ✅ 1. "Humanité"
   ✅ 2. "Les guerres des mondes"
   ✅ 3. "La mort"
   ✅ 4. "J'envoie"
   ✅ 5. "P'tite pute"
   ✅ 6. "La belle au bois"
   ✅ 7. "Amour criminel"
   ✅ 8. "Elle aimait se faire liker"
   ✅ 9. "L'attentat"
   ✅ 10. "Burqa"
   ✅ 11. "Ma religieuse"
   → 11 piste(s) ajoutée(s)
💿 Nouvel album détecté : "J'te vois partout" — Clar
   🔍 Récupération de toutes les pistes…
   ✅ 1. "J'te vois partout"
   → 1 piste(s) ajoutée(s)
🎵 Track manquante dans un album connu : "Can Anyone Relate?"
🎵 Track manquante dans un album connu : "Periferia"
   ✅ Ajout : "Periferia"
🎵 Track manquante dans un album connu : "Pentagramma dell'acqua"
   ✅ Ajout : "Pentagramma dell'acqua"
💿 Nouvel album détecté : "Il Soldato (feat. Murubutu)" — Michele Venanzoni
   🔍 Récupération de toutes les pistes…
   ✅ 1. "Il Soldato (feat. Murubutu)"
   → 1 piste(s) ajoutée(s)
🎵 Track manquante dans un album connu : "I Wanna Be Like You - The Monkey Song"
💿 Nouvel album détecté : "L'adresse" — 47ter
   🔍 Récupération de toutes les pistes…
   ✅ 1. "Un air qui fait"
   ✅ 2. "Personne"
   ✅ 3. "L'adresse"
   ✅ 4. "On avait dit"
   ✅ 5. "30"
   ✅ 6. "Sans toi"
   ✅ 7. "Harakiri"
   ✅ 8. "Côte Ouest"
   ✅ 9. "Jamais su"
   ✅ 10. "Chaque soir"
   ✅ 11. "Laissez-les partir"
   ✅ 12. "Assieds-toi"
   ✅ 13. "Soleil noir"
   ✅ 14. "Plus tard"
   → 14 piste(s) ajoutée(s)
💿 Nouvel album détecté : "Marqué à vie" — Tunisiano
   🔍 Récupération de toutes les pistes…
   ✅ 2. "Marqué à vie"
   ✅ 3. "Jeune de tess"
   ✅ 4. "Etat sauvage"
   ✅ 5. "Paris"
   ✅ 6. "Elle donne"
   ✅ 7. "Val de Zoive"
   ✅ 8. "Je voulais un monde"
   ✅ 9. "Ils nous condamnent"
   ✅ 10. "Jcvd"
   ✅ 11. "Fer de lance"
   ✅ 12. "Amour poison"
   ✅ 13. "Mout"
   ✅ 14. "Mariage forcé"
   ✅ 15. "Les oreilles qui sifflent"
   ✅ 16. "Carré"
   ✅ 17. "Si on se disait tout"
   ✅ 18. "Je reprends ma place"
   ✅ 19. "Délire"
   → 18 piste(s) ajoutée(s)
💿 Nouvel album détecté : "Trait pour trait" — Sniper
   🔍 Récupération de toutes les pistes…
   ✅ 1. "S.N.I"
   ✅ 2. "Dans mon monde"
   ✅ 3. "Trait pour trait"
   ✅ 4. "Eldorado"
   ✅ 5. "Zamalia"
   ✅ 6. "Génération Tanguy"
   ✅ 7. "Donne tout"
   ✅ 8. "La France, itinéraire d'une polémique"
   ✅ 9. "Hommes de loi"
   ✅ 10. "Il était une foi"
   ✅ 11. "Radio"
   ✅ 12. "Retour aux sources"
   ✅ 13. "Elle"
   ✅ 14. "Brule"
   ✅ 15. "Fallait que je te dise"
   → 15 piste(s) ajoutée(s)

🎉 88 morceaux ajoutés dans data.json
📀 Total : 500 morceaux
🔄 Lecture de data.json…
📀 500 morceaux dans data.json
📡 Récupération des écoutes Last.fm (50 dernières)…
🎵 50 écoutes récupérées depuis Last.fm

🎵 Track manquante dans un album connu : "Erreur 404 - Reality Not Found"
🎵 Track manquante dans un album connu : "Silex"
🎵 Track manquante dans un album connu : "Mauvais"
🎵 Track manquante dans un album connu : "Café Zèbre"
🎵 Track manquante dans un album connu : "Can Anyone Relate?"
🎵 Track manquante dans un album connu : "Il Soldato"
🎵 Track manquante dans un album connu : "I Wanna Be Like You - The Monkey Song"

✨ Aucun nouveau morceau à ajouter — tout est déjà à jour !
🔄 Lecture de data.json…
📀 500 morceaux dans data.json
📡 Récupération des écoutes Last.fm (50 dernières)…
❌ Erreur : fetch failed
🔄 Lecture de data.json…
📀 500 morceaux dans data.json
📡 Récupération des écoutes Last.fm (50 dernières)…
🎵 50 écoutes récupérées depuis Last.fm

🎵 Track manquante dans un album connu : "Erreur 404 - Reality Not Found"
🎵 Track manquante dans un album connu : "Silex"
🎵 Track manquante dans un album connu : "Mauvais"
🎵 Track manquante dans un album connu : "Café Zèbre"
🎵 Track manquante dans un album connu : "Can Anyone Relate?"
🎵 Track manquante dans un album connu : "Il Soldato"
🎵 Track manquante dans un album connu : "I Wanna Be Like You - The Monkey Song"

✨ Aucun nouveau morceau à ajouter — tout est déjà à jour !
🔄 Lecture de data.json…
📀 500 morceaux dans data.json
📡 Récupération des écoutes Last.fm (50 dernières)…
❌ Erreur : fetch failed
🔄 Lecture de data.json…
📀 500 morceaux dans data.json
📡 Récupération des écoutes Last.fm (50 dernières)…
🎵 50 écoutes récupérées depuis Last.fm

💿 Nouvel album détecté : "Des fleurs" — Gaël Faye
   🔍 Récupération de toutes les pistes…
   ✅ 1. "Balade brésilienne"
   ✅ 2. "Jackie Jacky Jack"
   ✅ 3. "By"
   ✅ 4. "Tropical"
   ✅ 5. "Dinosaures"
   → 5 piste(s) ajoutée(s)
💿 Nouvel album détecté : "Le chemin" — Kyo
   🔍 Récupération de toutes les pistes…
   ✅ 1. "Le chemin (feat. Sita)"
   ✅ 2. "Je cours"
   ✅ 3. "Dernière danse"
   ✅ 4. "Tout envoyer en l'air"
   ✅ 5. "Chaque seconde"
   ✅ 6. "Comment te dire"
   ✅ 7. "Je saigne encore"
   ✅ 8. "Je te vends mon âme"
   ✅ 9. "Pardonné"
   ✅ 10. "Sur nos lèvres"
   ✅ 11. "Tout reste à faire"
   → 11 piste(s) ajoutée(s)
💿 Nouvel album détecté : "Il suffit d'y croire (Version deluxe)" — Hoshi
   🔍 Récupération de toutes les pistes…
   ✅ 1. "Comment je vais faire"
   ✅ 2. "Te parler pour rien"
   ✅ 3. "Ta marinière"
   ✅ 4. "Je vous trouve un charme fou"
   ✅ 5. "Femme à la mer"
   ✅ 6. "Manège à trois"
   ✅ 7. "Elle rêve encore"
   ✅ 8. "Il suffit d'y croire"
   ✅ 9. "Ma merveille"
   ✅ 10. "Après coups"
   ✅ 11. "Poupée russe"
   ✅ 12. "Je pense à toi"
   ✅ 13. "Parking sonne"
   ✅ 14. "En gros tout est gris"
   ✅ 15. "Comment je vais faire (Version acoustique)"
   ✅ 16. "Ta marinière (Version acoustique)"
   ✅ 17. "Je vous trouve un charme fou (En duo avec Gaëtan Roussel)"
   ✅ 18. "Femme à la mer (Radio Edit)"
   → 18 piste(s) ajoutée(s)
💿 Nouvel album détecté : "Je t'accuse" — Suzane
   🔍 Récupération de toutes les pistes…
   ✅ 1. "Je t'accuse"
   → 1 piste(s) ajoutée(s)
💿 Nouvel album détecté : "Cure" — Eddy De Pretto
   🔍 Récupération de toutes les pistes…
   ✅ 1. "Début"
   ✅ 4. "Jimmy"
   ✅ 5. "Beaulieue"
   ✅ 6. "Quartier des lunes"
   ✅ 7. "Desmurs"
   ✅ 8. "Kid"
   ✅ 9. "Normal"
   ✅ 10. "Honey"
   ✅ 11. "Genre"
   ✅ 12. "Ego"
   ✅ 13. "Mamere"
   ✅ 14. "Fête de trop"
   ✅ 15. "Musique basse"
   → 13 piste(s) ajoutée(s)
💿 Nouvel album détecté : "Les yeux plus gros que le monde" — Black M
   🔍 Récupération de toutes les pistes…
   ✅ 1. "Intro"
   ✅ 2. "Ailleurs"
   ✅ 3. "Spectateur"
   ✅ 4. "Mme Pavoshko"
   ✅ 5. "A la vôtre (feat. Jr O Crom, Dry & Big Ali)"
   ✅ 6. "A force d'être"
   ✅ 7. "C'est tout moi"
   ✅ 8. "Pour oublier"
   ✅ 9. "La légende Black (feat. Dr. Beriz)"
   ✅ 10. "Interlude"
   ✅ 11. "Money"
   ✅ 12. "Jessica"
   ✅ 13. "Je ne dirai rien (feat. The Shin Sekaï & Doomams)"
   ✅ 14. "Qataris"
   ✅ 15. "Casse pas ton dos"
   ✅ 16. "Le regard des gens"
   ✅ 17. "Solitaire"
   ✅ 18. "Blacklines"
   ✅ 19. "Sur ma route"
   → 19 piste(s) ajoutée(s)
💿 Nouvel album détecté : "Le cimetière des anges" — ETA
   🔍 Récupération de toutes les pistes…
   ✅ 1. "Le cimetière des anges"
   → 1 piste(s) ajoutée(s)
🎵 Track manquante dans un album connu : "Erreur 404 - Reality Not Found"
🎵 Track manquante dans un album connu : "Silex"
🎵 Track manquante dans un album connu : "Mauvais"
🎵 Track manquante dans un album connu : "Café Zèbre"
🎵 Track manquante dans un album connu : "Can Anyone Relate?"
🎵 Track manquante dans un album connu : "Il Soldato"
🎵 Track manquante dans un album connu : "I Wanna Be Like You - The Monkey Song"

🎉 68 morceaux ajoutés dans data.json
📀 Total : 568 morceaux
🔄 Lecture de data.json…
📀 568 morceaux dans data.json
📡 Récupération des écoutes Last.fm (50 dernières)…
🎵 50 écoutes récupérées depuis Last.fm

💿 Nouvel album détecté : "Éphémère" — Grand Corps Malade
   🔍 Récupération de toutes les pistes…
   ✅ 1. "On a pris le temps"
   ✅ 2. "Tailler la route"
   ✅ 3. "Sous mes paupières"
   ✅ 4. "Qui a kidnappé Benjamin Biolay ?"
   ✅ 5. "La cause"
   ✅ 6. "Besoin de rien"
   ✅ 7. "Éphémère"
   → 7 piste(s) ajoutée(s)
💿 Nouvel album détecté : "Mauve Jacaranda" — Gaël Faye
   🔍 Récupération de toutes les pistes…
   ✅ 1. "Taxiphone"
   ✅ 2. "Nuit sans lune"
   ✅ 3. "Des graines"
   ✅ 4. "Marée Haute"
   ✅ 5. "Butare"
   → 5 piste(s) ajoutée(s)
💿 Nouvel album détecté : "Lundi Méchant" — Gaël Faye
   🔍 Récupération de toutes les pistes…
   ✅ 1. "Kerozen"
   ✅ 2. "Respire"
   ✅ 3. "Chalouper"
   ✅ 4. "Boomer"
   ✅ 5. "Only Way Is Up"
   ✅ 6. "Lundi Méchant"
   ✅ 7. "C'est cool"
   ✅ 8. "Seuls et vaincus"
   ✅ 9. "Lueurs"
   ✅ 10. "Histoire d'amour"
   ✅ 11. "NYC"
   ✅ 12. "JITL"
   ✅ 13. "Zanzibar"
   ✅ 14. "Kwibuka"
   → 14 piste(s) ajoutée(s)
💿 Nouvel album détecté : "Rythmes et botanique" — Gaël Faye
   🔍 Récupération de toutes les pistes…
   ✅ 1. "Tôt le matin"
   ✅ 2. "Solstice"
   ✅ 3. "Irruption"
   ✅ 4. "Paris métèque"
   ✅ 5. "À trop courir"
   → 5 piste(s) ajoutée(s)
💿 Nouvel album détecté : "Pili pili sur un croissant au beurre" — Gaël Faye
   🔍 Récupération de toutes les pistes…
   ✅ 1. "A-France"
   ✅ 2. "Je pars"
   ✅ 3. "Ma femme"
   ✅ 4. "Slowoperation"
   ✅ 5. "Qwerty"
   ✅ 6. "Blend"
   ✅ 7. "Charivari"
   ✅ 8. "Fils du hip-hop"
   ✅ 9. "Isimbi"
   ✅ 10. "Métis"
   ✅ 11. "Président"
   ✅ 12. "Petit pays"
   ✅ 13. "Bouge a buja"
   ✅ 14. "Pili pili sur un croissant au beurre"
   ✅ 15. "L'ennui des après-midi sans fin"
   → 15 piste(s) ajoutée(s)
💿 Nouvel album détecté : "Earthquake (Edition Deluxe)" — Kolinga
   🔍 Récupération de toutes les pistes…
   ✅ 1. "Earthquake"
   ✅ 2. "Wild Child"
   ✅ 3. "We Are One"
   ✅ 4. "Tender Rain"
   ✅ 5. "Petit Homme"
   ✅ 6. "Kozala"
   ✅ 7. "Kongo"
   ✅ 8. "Breath Of Love (Live)"
   ✅ 9. "Earthquake (Acoustique)"
   ✅ 11. "Time"
   ✅ 12. "Paper Dolls"
   → 11 piste(s) ajoutée(s)
💿 Nouvel album détecté : "Si on sombre ce sera beau" — Solann
   🔍 Récupération de toutes les pistes…
   ✅ 1. "Préambule"
   ✅ 2. "Mayrig"
   ✅ 3. "Insomnie"
   ✅ 4. "Rome"
   ✅ 5. "Noctambule"
   ✅ 6. "Les ogres"
   ✅ 7. "Comme les animaux"
   ✅ 8. "Appelle-moi sorcière"
   ✅ 9. "Les draps"
   ✅ 10. "Petit Corps"
   ✅ 11. "Tout cramer"
   ✅ 12. "L'oiseau"
   ✅ 13. "Marcher droit"
   → 13 piste(s) ajoutée(s)
💿 Nouvel album détecté : "Millénium" — Suzane
   🔍 Récupération de toutes les pistes…
   ✅ 1. "Marche ou rêve"
   ✅ 2. "T'as raté"
   ✅ 3. "Virile"
   ✅ 4. "Humanoïdes"
   ✅ 5. "Champagne"
   ✅ 7. "Un sens à tout ça"
   ✅ 8. "Plus que moi"
   ✅ 9. "Dégaine"
   ✅ 10. "Lendemain de fête"
   ✅ 11. "Au grand jour"
   ✅ 12. "Millénium"
   ✅ 13. "À la vie"
   → 12 piste(s) ajoutée(s)
💿 Nouvel album détecté : "racine carrée" — Stromae
   🔍 Récupération de toutes les pistes…
   ✅ 1. "Ta fête"
   ✅ 2. "Papaoutai"
   ✅ 3. "bâtard"
   ✅ 4. "ave cesaria"
   ✅ 5. "Tous les mêmes"
   ✅ 6. "Formidable"
   ✅ 7. "moules frites"
   ✅ 8. "carmen"
   ✅ 9. "humain à l'eau"
   ✅ 10. "quand c'est ?"
   ✅ 11. "sommeil"
   ✅ 12. "merci"
   ✅ 13. "avf"
   → 13 piste(s) ajoutée(s)
💿 Nouvel album détecté : "Mr/Mme" — Loïc Nottet
   🔍 Récupération de toutes les pistes…
   ✅ 1. "Mr/Mme"
   → 1 piste(s) ajoutée(s)
🎵 Track manquante dans un album connu : "Erreur 404 - Reality Not Found"
🎵 Track manquante dans un album connu : "Silex"
🎵 Track manquante dans un album connu : "Mauvais"
🎵 Track manquante dans un album connu : "Café Zèbre"
🎵 Track manquante dans un album connu : "Can Anyone Relate?"

🎉 96 morceaux ajoutés dans data.json
📀 Total : 664 morceaux
🔄 Lecture de data.json…
📀 664 morceaux dans data.json
📡 Récupération des écoutes Last.fm (50 dernières)…
🎵 50 écoutes récupérées depuis Last.fm

💿 Nouvel album détecté : "Qu'en restera-t-il ?" — Tim Dup
   🔍 Récupération de toutes les pistes…
   ✅ 1. "Après eux"
   ✅ 2. "Le visage de la nuit"
   ✅ 3. "Une autre histoire d'amour"
   ✅ 4. "L'aventure"
   ✅ 5. "Songes"
   ✅ 6. "Place espoir"
   ✅ 7. "Porte du soleil"
   ✅ 8. "Rhum coca"
   ✅ 9. "Refuge"
   ✅ 10. "Je te laisse"
   ✅ 11. "Pertusato"
   ✅ 12. "Qu'en restera-t-il ?"
   ✅ 13. "Vendredi soir"
   → 13 piste(s) ajoutée(s)
🎵 Track manquante dans un album connu : "Erreur 404 - Reality Not Found"
🎵 Track manquante dans un album connu : "Silex"
🎵 Track manquante dans un album connu : "Mauvais"

🎉 13 morceaux ajoutés dans data.json
📀 Total : 677 morceaux
🔄 Lecture de data.json…
📀 677 morceaux dans data.json
📡 Récupération des écoutes Last.fm (50 dernières)…
🎵 50 écoutes récupérées depuis Last.fm

🎵 Track manquante dans un album connu : "Je Vis"
   ✅ Ajout : "Je vis"
⏭️  Album déjà traité cette session : Milk Coffee and Sugar
⏭️  Album déjà traité cette session : Milk Coffee and Sugar
⏭️  Album déjà traité cette session : Milk Coffee and Sugar
⏭️  Album déjà traité cette session : Milk Coffee and Sugar
⏭️  Album déjà traité cette session : Milk Coffee and Sugar
⏭️  Album déjà traité cette session : Milk Coffee and Sugar
⏭️  Album déjà traité cette session : Milk Coffee and Sugar
💿 Nouvel album détecté : "Inferno 3 (Mémoires d’outre-tombe)" — Vii
   🔍 Récupération de toutes les pistes…
   ✅ 1. "H.P. Lovecraft Théorie"
   ✅ 2. "Post Mortem"
   ✅ 3. "À deux pas du néant"
   ✅ 4. "Psychose"
   ✅ 5. "L'étoile du matin"
   ✅ 6. "Trois jours de ténèbres"
   ✅ 7. "La Métamorphose"
   ✅ 8. "Limbes"
   ✅ 9. "Ex-Nihilo"
   ✅ 10. "Requiem pour un massacre"
   ✅ 11. "Des rats dans les murs"
   ✅ 12. "La peau sur les os"
   → 12 piste(s) ajoutée(s)
💿 Nouvel album détecté : "Le grand chaos" — Vii
   🔍 Récupération de toutes les pistes…
   ✅ 1. "09 août 1969"
   ✅ 2. "La famille"
   ✅ 3. "Je t'enseignerai la haine"
   ✅ 4. "Roulette russe"
   ✅ 5. "Domination"
   ✅ 6. "Peau de chagrin"
   ✅ 7. "Le brouillard"
   ✅ 8. "Funérailles électriques"
   ✅ 9. "Appartement 42"
   ✅ 10. "Bientôt des anges"
   ✅ 11. "La chambre des tourments"
   ✅ 12. "Le sang et le pain"
   ✅ 13. "Cette voix dans ma tête"
   ✅ 14. "Derniers sacrements"
   → 14 piste(s) ajoutée(s)
💿 Nouvel album détecté : "Fenêtre de sagesse" — Vii
   🔍 Récupération de toutes les pistes…
   ✅ 1. "Fenêtre de sagesse"
   → 1 piste(s) ajoutée(s)

🎉 28 morceaux ajoutés dans data.json
📀 Total : 705 morceaux
🔄 Lecture de data.json…
📀 705 morceaux dans data.json
📡 Récupération des écoutes Last.fm (50 dernières)…
🎵 50 écoutes récupérées depuis Last.fm

🎵 Track manquante dans un album connu : "Elle(s)"
   ✅ Ajout : "Elle(s)"
⏭️  Album déjà traité cette session : Milk Coffee and Sugar
⏭️  Album déjà traité cette session : Milk Coffee and Sugar
⏭️  Album déjà traité cette session : Milk Coffee and Sugar
⏭️  Album déjà traité cette session : Milk Coffee and Sugar
⏭️  Album déjà traité cette session : Milk Coffee and Sugar
⏭️  Album déjà traité cette session : Milk Coffee and Sugar
⏭️  Album déjà traité cette session : Milk Coffee and Sugar
⏭️  Album déjà traité cette session : Milk Coffee and Sugar
⏭️  Album déjà traité cette session : Milk Coffee and Sugar
⏭️  Album déjà traité cette session : Milk Coffee and Sugar
⏭️  Album déjà traité cette session : Milk Coffee and Sugar
⏭️  Album déjà traité cette session : Milk Coffee and Sugar
⏭️  Album déjà traité cette session : Milk Coffee and Sugar

🎉 1 morceau ajouté dans data.json
📀 Total : 706 morceaux
🔄 Lecture de data.json…
📀 706 morceaux dans data.json
📡 Récupération des écoutes Last.fm (50 dernières)…
🎵 50 écoutes récupérées depuis Last.fm

🎵 Track manquante dans un album connu : "Premières Fois"
   ✅ Ajout : "Premières fois (feat. Beat Assailant)"
⏭️  Album déjà traité cette session : Milk Coffee and Sugar
⏭️  Album déjà traité cette session : Milk Coffee and Sugar
⏭️  Album déjà traité cette session : Milk Coffee and Sugar
⏭️  Album déjà traité cette session : Milk Coffee and Sugar
⏭️  Album déjà traité cette session : Milk Coffee and Sugar
⏭️  Album déjà traité cette session : Milk Coffee and Sugar
⏭️  Album déjà traité cette session : Milk Coffee and Sugar
⏭️  Album déjà traité cette session : Milk Coffee and Sugar
⏭️  Album déjà traité cette session : Milk Coffee and Sugar
⏭️  Album déjà traité cette session : Milk Coffee and Sugar
⏭️  Album déjà traité cette session : Milk Coffee and Sugar
⏭️  Album déjà traité cette session : Milk Coffee and Sugar

🎉 1 morceau ajouté dans data.json
📀 Total : 707 morceaux
🔄 Lecture de data.json…
📀 707 morceaux dans data.json
📡 Récupération des écoutes Last.fm (50 dernières)…
🎵 50 écoutes récupérées depuis Last.fm

💿 Nouvel album détecté : "88" — Guillaume Poncelet
   🔍 Récupération de toutes les pistes…
   ✅ 1. "Morning Roots"
   ✅ 2. "Duty"
   ✅ 3. "Reverse"
   ✅ 4. "Gus Song"
   ✅ 5. "Homo Erectus"
   ✅ 6. "Le cahier"
   ✅ 7. "Après"
   ✅ 8. "Au bout du souffle"
   ✅ 9. "Derrière la porte"
   ✅ 10. "Teano"
   ✅ 11. "L'ennui"
   ✅ 12. "Iceberg"
   ✅ 13. "Othello"
   ✅ 14. "The Two of Me"
   ✅ 15. "Last Breath"
   ✅ 16. "Mon terroir"
   → 16 piste(s) ajoutée(s)
🎵 Track manquante dans un album connu : "Hope Anthem"
   ✅ Ajout : "Hope Anthem (feat. Jali)"
⏭️  Album déjà traité cette session : Milk Coffee and Sugar
⏭️  Album déjà traité cette session : Milk Coffee and Sugar
⏭️  Album déjà traité cette session : Milk Coffee and Sugar
⏭️  Album déjà traité cette session : Milk Coffee and Sugar
⏭️  Album déjà traité cette session : Milk Coffee and Sugar
⏭️  Album déjà traité cette session : Milk Coffee and Sugar
⏭️  Album déjà traité cette session : Milk Coffee and Sugar
⏭️  Album déjà traité cette session : Milk Coffee and Sugar
⏭️  Album déjà traité cette session : Milk Coffee and Sugar
⏭️  Album déjà traité cette session : Milk Coffee and Sugar
⏭️  Album déjà traité cette session : Milk Coffee and Sugar
⏭️  Album déjà traité cette session : Milk Coffee and Sugar

🎉 17 morceaux ajoutés dans data.json
📀 Total : 724 morceaux
🔄 Lecture de data.json…
📀 724 morceaux dans data.json
📡 Récupération des écoutes Last.fm (50 dernières)…
🎵 50 écoutes récupérées depuis Last.fm

💿 Nouvel album détecté : "VIEUX FRÈRES - Partie 1" — FAUVE
   🔍 Récupération de toutes les pistes…
   ✅ 1. "VOYOUS (feat. Georgio)"
   ✅ 2. "REQUIN-TIGRE"
   ✅ 3. "JEUNESSE TALKING BLUES"
   ✅ 4. "RAG #3"
   ✅ 5. "INFIRMIÈRE"
   ✅ 6. "DE CEUX"
   ✅ 7. "RAG #4"
   ✅ 8. "TUNNEL"
   ✅ 9. "VIEUX FRÈRES"
   ✅ 10. "LETTRE À ZOÉ"
   ✅ 11. "LOTERIE"
   → 11 piste(s) ajoutée(s)
💿 Nouvel album détecté : "BLIZZARD" — FAUVE
   🔍 Récupération de toutes les pistes…
   ✅ 1. "BLIZZARD"
   ✅ 2. "COCK MUSIC SMART MUSIC / RAG #1"
   ✅ 3. "NUITS FAUVES"
   ✅ 4. "HAUT LES CŒURS / RAG #2"
   ✅ 5. "KANÉ"
   ✅ 6. "RUB A DUB"
   → 6 piste(s) ajoutée(s)
💿 Nouvel album détecté : "35%" — Jansi
   🔍 Récupération de toutes les pistes…
   ✅ 1. "Chère industrie musicale"
   ✅ 2. "25 ans"
   ✅ 3. "Pourquoi"
   ✅ 4. "Le forum de l'emploi"
   ✅ 5. "C'est par où"
   ✅ 6. "Je suis une belle personne"
   ✅ 7. "Mélange des coeurs abîmés"
   → 7 piste(s) ajoutée(s)
💿 Nouvel album détecté : "Au revoir" — Jansi
   🔍 Récupération de toutes les pistes…
   ✅ 1. "Au revoir"
   → 1 piste(s) ajoutée(s)
💿 Nouvel album détecté : "Terre Rouge" — Lubiana
   🔍 Récupération de toutes les pistes…
   ✅ 1. "Terre Rouge"
   ✅ 2. "Farafina Mousso"
   ✅ 3. "Bien-aimée"
   ✅ 4. "Djali"
   ✅ 5. "La Blanche"
   ✅ 6. "Rivière des cœurs blessés"
   ✅ 7. "Mali"
   ✅ 8. "Echo"
   ✅ 9. "Grand-père"
   ✅ 10. "Ancestors"
   → 10 piste(s) ajoutée(s)
🎵 Track manquante dans un album connu : "Hope Anthem"
⏭️  Album déjà traité cette session : Milk Coffee and Sugar
⏭️  Album déjà traité cette session : Milk Coffee and Sugar
⏭️  Album déjà traité cette session : Milk Coffee and Sugar
⏭️  Album déjà traité cette session : Milk Coffee and Sugar
⏭️  Album déjà traité cette session : Milk Coffee and Sugar
⏭️  Album déjà traité cette session : Milk Coffee and Sugar
⏭️  Album déjà traité cette session : Milk Coffee and Sugar
⏭️  Album déjà traité cette session : Milk Coffee and Sugar
⏭️  Album déjà traité cette session : Milk Coffee and Sugar
⏭️  Album déjà traité cette session : Milk Coffee and Sugar
⏭️  Album déjà traité cette session : Milk Coffee and Sugar
⏭️  Album déjà traité cette session : Milk Coffee and Sugar
⏭️  Album déjà traité cette session : Milk Coffee and Sugar

🎉 35 morceaux ajoutés dans data.json
📀 Total : 759 morceaux
🔄 Lecture de data.json…
📀 759 morceaux dans data.json
📡 Récupération des écoutes Last.fm (50 dernières)…
🎵 50 écoutes récupérées depuis Last.fm

💿 Nouvel album détecté : "Légende (Expansion)" — 47ter
   🔍 Récupération de toutes les pistes…
   ✅ 1. "Ensemble"
   ✅ 2. "Doss"
   ✅ 3. "Rêver d'elles"
   ✅ 4. "Mindset"
   ✅ 5. "Futur moi"
   ✅ 6. "Nouvel épisode"
   ✅ 7. "La seule (Maquette 2018)"
   ✅ 8. "Légende"
   ✅ 9. "Vivre"
   ✅ 10. "J'essaie"
   ✅ 11. "Avec toi"
   ✅ 12. "Comme Avant"
   ✅ 13. "Sommeil Noir"
   ✅ 14. "1, 2, 3, 4"
   ✅ 15. "La seule"
   ✅ 16. "Nous les autres"
   ✅ 17. "Ella"
   ✅ 18. "Ne t'en fais pas"
   ✅ 19. "Maintenant"
   → 19 piste(s) ajoutée(s)
💿 Nouvel album détecté : "Sans Couleur" — Blam'S
   🔍 Récupération de toutes les pistes…
   ✅ 1. "Seul"
   ✅ 2. "Fissure"
   ✅ 3. "Cadavres"
   ✅ 4. "Coup de foudre"
   ✅ 5. "La rage au ventre"
   ✅ 6. "Ma colère"
   → 6 piste(s) ajoutée(s)
💿 Nouvel album détecté : "Coeur noir #EnAttendantLAlbum" — Blam'S
   🔍 Récupération de toutes les pistes…
   ✅ 1. "Coeur noir #EnAttendantLAlbum"
   → 1 piste(s) ajoutée(s)
💿 Nouvel album détecté : "Allo" — Blam'S
   🔍 Récupération de toutes les pistes…
   ✅ 1. "J'attends"
   ✅ 2. "Casser le pas"
   ✅ 3. "Le pouvoir de l'or"
   ✅ 4. "Mon idole"
   ✅ 5. "Que du sexe (feat. Douki)"
   ✅ 6. "Allo"
   → 6 piste(s) ajoutée(s)
💿 Nouvel album détecté : "Rose Noire" — Douki
   🔍 Récupération de toutes les pistes…
   ✅ 1. "Rose Noire"
   → 1 piste(s) ajoutée(s)
💿 Nouvel album détecté : "Je saigne" — Blam'S
   🔍 Récupération de toutes les pistes…
   ✅ 1. "Je saigne"
   → 1 piste(s) ajoutée(s)
💿 Nouvel album détecté : "4.000 ÎLES" — FAUVE
   🔍 Récupération de toutes les pistes…
   ✅ 1. "4.000 ÎLES"
   → 1 piste(s) ajoutée(s)
💿 Nouvel album détecté : "VIEUX FRÈRES - Partie 2" — FAUVE
   🔍 Récupération de toutes les pistes…
   ✅ 1. "JUILLET (1998)"
   ✅ 2. "PARAFFINE"
   ✅ 3. "RAG #5"
   ✅ 4. "TALLULAH"
   ✅ 5. "BERMUDES"
   ✅ 6. "AZULEJOS"
   ✅ 7. "SOUS LES ARCADES"
   ✅ 8. "T.R.W."
   ✅ 9. "RAG #6"
   ✅ 10. "RÉVÉRENCE"
   ✅ 11. "LES HAUTES LUMIÈRES"
   → 11 piste(s) ajoutée(s)
🎵 Track manquante dans un album connu : "Hope Anthem"
⏭️  Album déjà traité cette session : Milk Coffee and Sugar
⏭️  Album déjà traité cette session : Milk Coffee and Sugar
⏭️  Album déjà traité cette session : Milk Coffee and Sugar
⏭️  Album déjà traité cette session : Milk Coffee and Sugar
⏭️  Album déjà traité cette session : Milk Coffee and Sugar
⏭️  Album déjà traité cette session : Milk Coffee and Sugar
⏭️  Album déjà traité cette session : Milk Coffee and Sugar
⏭️  Album déjà traité cette session : Milk Coffee and Sugar
⏭️  Album déjà traité cette session : Milk Coffee and Sugar
⏭️  Album déjà traité cette session : Milk Coffee and Sugar
⏭️  Album déjà traité cette session : Milk Coffee and Sugar
⏭️  Album déjà traité cette session : Milk Coffee and Sugar
⏭️  Album déjà traité cette session : Milk Coffee and Sugar

🎉 46 morceaux ajoutés dans data.json
📀 Total : 805 morceaux
node:fs:555
  return binding.open(
                 ^

Error: EPERM: operation not permitted, open '/Users/liliancornet/Documents/COUR MMI/MMI 1/SEMESTRE 2/MMI1 - R2.12 Intégration/TP MARILL/Spoti'Stat/sync.mjs'
    at Object.openSync (node:fs:555:18)
    at readFileSync (node:fs:439:35)
    at getSourceSync (node:internal/modules/esm/load:37:14)
    at defaultLoadSync (node:internal/modules/esm/load:153:34)
    at #loadAndMaybeBlockOnLoaderThread (node:internal/modules/esm/loader:790:12)
    at #loadSync (node:internal/modules/esm/loader:810:49)
    at ModuleLoader.load (node:internal/modules/esm/loader:775:26)
    at ModuleLoader.loadAndTranslate (node:internal/modules/esm/loader:520:31)
    at #getOrCreateModuleJobAfterResolve (node:internal/modules/esm/loader:571:36)
    at afterResolve (node:internal/modules/esm/loader:619:52) {
  errno: -1,
  code: 'EPERM',
  syscall: 'open',
  path: "/Users/liliancornet/Documents/COUR MMI/MMI 1/SEMESTRE 2/MMI1 - R2.12 Intégration/TP MARILL/Spoti'Stat/sync.mjs"
}

Node.js v25.5.0
🔄 Lecture de data.json…
📀 805 morceaux dans data.json
📡 Récupération des écoutes Last.fm (50 dernières)…
🎵 50 écoutes récupérées depuis Last.fm

🎵 Track manquante dans un album connu : "Hope Anthem"
⏭️  Album déjà traité cette session : Milk Coffee and Sugar
⏭️  Album déjà traité cette session : Milk Coffee and Sugar
⏭️  Album déjà traité cette session : Milk Coffee and Sugar
⏭️  Album déjà traité cette session : Milk Coffee and Sugar
⏭️  Album déjà traité cette session : Milk Coffee and Sugar
⏭️  Album déjà traité cette session : Milk Coffee and Sugar
⏭️  Album déjà traité cette session : Milk Coffee and Sugar
⏭️  Album déjà traité cette session : Milk Coffee and Sugar
⏭️  Album déjà traité cette session : Milk Coffee and Sugar
⏭️  Album déjà traité cette session : Milk Coffee and Sugar
⏭️  Album déjà traité cette session : Milk Coffee and Sugar
⏭️  Album déjà traité cette session : Milk Coffee and Sugar
⏭️  Album déjà traité cette session : Milk Coffee and Sugar

✨ Aucun nouveau morceau à ajouter — tout est déjà à jour !
🔄 Lecture de data.json…
📀 805 morceaux dans data.json
📡 Récupération des écoutes Last.fm (50 dernières)…
🎵 50 écoutes récupérées depuis Last.fm

🎵 Track manquante dans un album connu : "Hope Anthem"
⏭️  Album déjà traité cette session : Milk Coffee and Sugar
⏭️  Album déjà traité cette session : Milk Coffee and Sugar
⏭️  Album déjà traité cette session : Milk Coffee and Sugar
⏭️  Album déjà traité cette session : Milk Coffee and Sugar
⏭️  Album déjà traité cette session : Milk Coffee and Sugar
⏭️  Album déjà traité cette session : Milk Coffee and Sugar
⏭️  Album déjà traité cette session : Milk Coffee and Sugar
⏭️  Album déjà traité cette session : Milk Coffee and Sugar
⏭️  Album déjà traité cette session : Milk Coffee and Sugar
⏭️  Album déjà traité cette session : Milk Coffee and Sugar
⏭️  Album déjà traité cette session : Milk Coffee and Sugar
⏭️  Album déjà traité cette session : Milk Coffee and Sugar
⏭️  Album déjà traité cette session : Milk Coffee and Sugar

✨ Aucun nouveau morceau à ajouter — tout est déjà à jour !
🔄 Lecture de data.json…
📀 805 morceaux dans data.json
📡 Récupération des écoutes Last.fm (50 dernières)…
🎵 50 écoutes récupérées depuis Last.fm

🎵 Track manquante dans un album connu : "Hope Anthem"
⏭️  Album déjà traité cette session : Milk Coffee and Sugar
⏭️  Album déjà traité cette session : Milk Coffee and Sugar
⏭️  Album déjà traité cette session : Milk Coffee and Sugar
⏭️  Album déjà traité cette session : Milk Coffee and Sugar
⏭️  Album déjà traité cette session : Milk Coffee and Sugar
⏭️  Album déjà traité cette session : Milk Coffee and Sugar
⏭️  Album déjà traité cette session : Milk Coffee and Sugar
⏭️  Album déjà traité cette session : Milk Coffee and Sugar
⏭️  Album déjà traité cette session : Milk Coffee and Sugar
⏭️  Album déjà traité cette session : Milk Coffee and Sugar
⏭️  Album déjà traité cette session : Milk Coffee and Sugar
⏭️  Album déjà traité cette session : Milk Coffee and Sugar
⏭️  Album déjà traité cette session : Milk Coffee and Sugar

✨ Aucun nouveau morceau à ajouter — tout est déjà à jour !
🔄 Lecture de data.json…
📀 805 morceaux dans data.json
📡 Récupération des écoutes Last.fm (50 dernières)…
🎵 50 écoutes récupérées depuis Last.fm

🎵 Track manquante dans un album connu : "Hope Anthem"
⏭️  Album déjà traité cette session : Milk Coffee and Sugar
⏭️  Album déjà traité cette session : Milk Coffee and Sugar
⏭️  Album déjà traité cette session : Milk Coffee and Sugar
⏭️  Album déjà traité cette session : Milk Coffee and Sugar
⏭️  Album déjà traité cette session : Milk Coffee and Sugar
⏭️  Album déjà traité cette session : Milk Coffee and Sugar
⏭️  Album déjà traité cette session : Milk Coffee and Sugar
⏭️  Album déjà traité cette session : Milk Coffee and Sugar
⏭️  Album déjà traité cette session : Milk Coffee and Sugar
⏭️  Album déjà traité cette session : Milk Coffee and Sugar
⏭️  Album déjà traité cette session : Milk Coffee and Sugar
⏭️  Album déjà traité cette session : Milk Coffee and Sugar
⏭️  Album déjà traité cette session : Milk Coffee and Sugar

✨ Aucun nouveau morceau à ajouter — tout est déjà à jour !
🔄 Lecture de data.json…
📀 805 morceaux dans data.json
📡 Récupération des écoutes Last.fm (50 dernières)…
🎵 50 écoutes récupérées depuis Last.fm

🎵 Track manquante dans un album connu : "Hope Anthem"
⏭️  Album déjà traité cette session : Milk Coffee and Sugar
⏭️  Album déjà traité cette session : Milk Coffee and Sugar
⏭️  Album déjà traité cette session : Milk Coffee and Sugar
⏭️  Album déjà traité cette session : Milk Coffee and Sugar
⏭️  Album déjà traité cette session : Milk Coffee and Sugar
⏭️  Album déjà traité cette session : Milk Coffee and Sugar
⏭️  Album déjà traité cette session : Milk Coffee and Sugar
⏭️  Album déjà traité cette session : Milk Coffee and Sugar
⏭️  Album déjà traité cette session : Milk Coffee and Sugar
⏭️  Album déjà traité cette session : Milk Coffee and Sugar
⏭️  Album déjà traité cette session : Milk Coffee and Sugar
⏭️  Album déjà traité cette session : Milk Coffee and Sugar
⏭️  Album déjà traité cette session : Milk Coffee and Sugar

✨ Aucun nouveau morceau à ajouter — tout est déjà à jour !
🔄 Lecture de data.json…
📀 805 morceaux dans data.json
📡 Récupération des écoutes Last.fm (50 dernières)…
🎵 50 écoutes récupérées depuis Last.fm

🎵 Track manquante dans un album connu : "Hope Anthem"
⏭️  Album déjà traité cette session : Milk Coffee and Sugar
⏭️  Album déjà traité cette session : Milk Coffee and Sugar
⏭️  Album déjà traité cette session : Milk Coffee and Sugar
⏭️  Album déjà traité cette session : Milk Coffee and Sugar
⏭️  Album déjà traité cette session : Milk Coffee and Sugar
⏭️  Album déjà traité cette session : Milk Coffee and Sugar
⏭️  Album déjà traité cette session : Milk Coffee and Sugar
⏭️  Album déjà traité cette session : Milk Coffee and Sugar
⏭️  Album déjà traité cette session : Milk Coffee and Sugar
⏭️  Album déjà traité cette session : Milk Coffee and Sugar
⏭️  Album déjà traité cette session : Milk Coffee and Sugar
⏭️  Album déjà traité cette session : Milk Coffee and Sugar
⏭️  Album déjà traité cette session : Milk Coffee and Sugar

✨ Aucun nouveau morceau à ajouter — tout est déjà à jour !
🔄 Lecture de data.json…
📀 805 morceaux dans data.json
📡 Récupération des écoutes Last.fm (50 dernières)…
🎵 50 écoutes récupérées depuis Last.fm

🎵 Track manquante dans un album connu : "Hope Anthem"
⏭️  Album déjà traité cette session : Milk Coffee and Sugar
⏭️  Album déjà traité cette session : Milk Coffee and Sugar
⏭️  Album déjà traité cette session : Milk Coffee and Sugar
⏭️  Album déjà traité cette session : Milk Coffee and Sugar
⏭️  Album déjà traité cette session : Milk Coffee and Sugar
⏭️  Album déjà traité cette session : Milk Coffee and Sugar
⏭️  Album déjà traité cette session : Milk Coffee and Sugar
⏭️  Album déjà traité cette session : Milk Coffee and Sugar
⏭️  Album déjà traité cette session : Milk Coffee and Sugar
⏭️  Album déjà traité cette session : Milk Coffee and Sugar
⏭️  Album déjà traité cette session : Milk Coffee and Sugar
⏭️  Album déjà traité cette session : Milk Coffee and Sugar
⏭️  Album déjà traité cette session : Milk Coffee and Sugar

✨ Aucun nouveau morceau à ajouter — tout est déjà à jour !
🔄 Lecture de data.json…
📀 805 morceaux dans data.json
📡 Récupération des écoutes Last.fm (50 dernières)…
🎵 50 écoutes récupérées depuis Last.fm

🎵 Track manquante dans un album connu : "Hope Anthem"
⏭️  Album déjà traité cette session : Milk Coffee and Sugar
⏭️  Album déjà traité cette session : Milk Coffee and Sugar
⏭️  Album déjà traité cette session : Milk Coffee and Sugar
⏭️  Album déjà traité cette session : Milk Coffee and Sugar
⏭️  Album déjà traité cette session : Milk Coffee and Sugar
⏭️  Album déjà traité cette session : Milk Coffee and Sugar
⏭️  Album déjà traité cette session : Milk Coffee and Sugar
⏭️  Album déjà traité cette session : Milk Coffee and Sugar
⏭️  Album déjà traité cette session : Milk Coffee and Sugar
⏭️  Album déjà traité cette session : Milk Coffee and Sugar
⏭️  Album déjà traité cette session : Milk Coffee and Sugar
⏭️  Album déjà traité cette session : Milk Coffee and Sugar

✨ Aucun nouveau morceau à ajouter — tout est déjà à jour !
🔄 Lecture de data.json…
📀 805 morceaux dans data.json
📡 Récupération des écoutes Last.fm (50 dernières)…
❌ Erreur : fetch failed
🔄 Lecture de data.json…
📀 805 morceaux dans data.json
📡 Récupération des écoutes Last.fm (50 dernières)…
🎵 50 écoutes récupérées depuis Last.fm

🎵 Track manquante dans un album connu : "Hope Anthem"
⏭️  Album déjà traité cette session : Milk Coffee and Sugar
⏭️  Album déjà traité cette session : Milk Coffee and Sugar
⏭️  Album déjà traité cette session : Milk Coffee and Sugar
⏭️  Album déjà traité cette session : Milk Coffee and Sugar
⏭️  Album déjà traité cette session : Milk Coffee and Sugar
⏭️  Album déjà traité cette session : Milk Coffee and Sugar
⏭️  Album déjà traité cette session : Milk Coffee and Sugar

✨ Aucun nouveau morceau à ajouter — tout est déjà à jour !
🔄 Lecture de data.json…
📀 805 morceaux dans data.json
📡 Récupération des écoutes Last.fm (50 dernières)…
🎵 50 écoutes récupérées depuis Last.fm

🎵 Track manquante dans un album connu : "Hope Anthem"
⏭️  Album déjà traité cette session : Milk Coffee and Sugar
⏭️  Album déjà traité cette session : Milk Coffee and Sugar
⏭️  Album déjà traité cette session : Milk Coffee and Sugar
⏭️  Album déjà traité cette session : Milk Coffee and Sugar
⏭️  Album déjà traité cette session : Milk Coffee and Sugar
⏭️  Album déjà traité cette session : Milk Coffee and Sugar
⏭️  Album déjà traité cette session : Milk Coffee and Sugar

✨ Aucun nouveau morceau à ajouter — tout est déjà à jour !
🔄 Lecture de data.json…
📀 805 morceaux dans data.json
📡 Récupération des écoutes Last.fm (50 dernières)…
🎵 50 écoutes récupérées depuis Last.fm

🎵 Track manquante dans un album connu : "Hope Anthem"
⏭️  Album déjà traité cette session : Milk Coffee and Sugar
⏭️  Album déjà traité cette session : Milk Coffee and Sugar
⏭️  Album déjà traité cette session : Milk Coffee and Sugar
⏭️  Album déjà traité cette session : Milk Coffee and Sugar
⏭️  Album déjà traité cette session : Milk Coffee and Sugar
⏭️  Album déjà traité cette session : Milk Coffee and Sugar
⏭️  Album déjà traité cette session : Milk Coffee and Sugar

✨ Aucun nouveau morceau à ajouter — tout est déjà à jour !
🔄 Lecture de data.json…
📀 805 morceaux dans data.json
📡 Récupération des écoutes Last.fm (50 dernières)…
🎵 50 écoutes récupérées depuis Last.fm

🎵 Track manquante dans un album connu : "Hope Anthem"
⏭️  Album déjà traité cette session : Milk Coffee and Sugar
⏭️  Album déjà traité cette session : Milk Coffee and Sugar
⏭️  Album déjà traité cette session : Milk Coffee and Sugar
⏭️  Album déjà traité cette session : Milk Coffee and Sugar
⏭️  Album déjà traité cette session : Milk Coffee and Sugar
⏭️  Album déjà traité cette session : Milk Coffee and Sugar
⏭️  Album déjà traité cette session : Milk Coffee and Sugar

✨ Aucun nouveau morceau à ajouter — tout est déjà à jour !
🔄 Lecture de data.json…
📀 805 morceaux dans data.json
📡 Récupération des écoutes Last.fm (50 dernières)…
🎵 50 écoutes récupérées depuis Last.fm

🎵 Track manquante dans un album connu : "Hope Anthem"
⏭️  Album déjà traité cette session : Milk Coffee and Sugar
⏭️  Album déjà traité cette session : Milk Coffee and Sugar
⏭️  Album déjà traité cette session : Milk Coffee and Sugar
⏭️  Album déjà traité cette session : Milk Coffee and Sugar
⏭️  Album déjà traité cette session : Milk Coffee and Sugar
⏭️  Album déjà traité cette session : Milk Coffee and Sugar
⏭️  Album déjà traité cette session : Milk Coffee and Sugar

✨ Aucun nouveau morceau à ajouter — tout est déjà à jour !
🔄 Lecture de data.json…
📀 805 morceaux dans data.json
📡 Récupération des écoutes Last.fm (50 dernières)…
❌ Erreur : fetch failed
🔄 Lecture de data.json…
📀 805 morceaux dans data.json
📡 Récupération des écoutes Last.fm (50 dernières)…
🎵 50 écoutes récupérées depuis Last.fm

🎵 Track manquante dans un album connu : "Hope Anthem"
⏭️  Album déjà traité cette session : Milk Coffee and Sugar
⏭️  Album déjà traité cette session : Milk Coffee and Sugar
⏭️  Album déjà traité cette session : Milk Coffee and Sugar
⏭️  Album déjà traité cette session : Milk Coffee and Sugar
⏭️  Album déjà traité cette session : Milk Coffee and Sugar
⏭️  Album déjà traité cette session : Milk Coffee and Sugar
⏭️  Album déjà traité cette session : Milk Coffee and Sugar

✨ Aucun nouveau morceau à ajouter — tout est déjà à jour !
🔄 Lecture de data.json…
📀 805 morceaux dans data.json
📡 Récupération des écoutes Last.fm (50 dernières)…
🎵 50 écoutes récupérées depuis Last.fm

🎵 Track manquante dans un album connu : "Hope Anthem"
⏭️  Album déjà traité cette session : Milk Coffee and Sugar
⏭️  Album déjà traité cette session : Milk Coffee and Sugar
⏭️  Album déjà traité cette session : Milk Coffee and Sugar
⏭️  Album déjà traité cette session : Milk Coffee and Sugar
⏭️  Album déjà traité cette session : Milk Coffee and Sugar
⏭️  Album déjà traité cette session : Milk Coffee and Sugar
⏭️  Album déjà traité cette session : Milk Coffee and Sugar

✨ Aucun nouveau morceau à ajouter — tout est déjà à jour !
🔄 Lecture de data.json…
📀 805 morceaux dans data.json
📡 Récupération des écoutes Last.fm (50 dernières)…
🎵 50 écoutes récupérées depuis Last.fm

🎵 Track manquante dans un album connu : "Hope Anthem"
⏭️  Album déjà traité cette session : Milk Coffee and Sugar
⏭️  Album déjà traité cette session : Milk Coffee and Sugar
⏭️  Album déjà traité cette session : Milk Coffee and Sugar
⏭️  Album déjà traité cette session : Milk Coffee and Sugar
⏭️  Album déjà traité cette session : Milk Coffee and Sugar
⏭️  Album déjà traité cette session : Milk Coffee and Sugar
⏭️  Album déjà traité cette session : Milk Coffee and Sugar

✨ Aucun nouveau morceau à ajouter — tout est déjà à jour !
🔄 Lecture de data.json…
📀 805 morceaux dans data.json
📡 Récupération des écoutes Last.fm (50 dernières)…
❌ Erreur : fetch failed
🔄 Lecture de data.json…
📀 805 morceaux dans data.json
📡 Récupération des écoutes Last.fm (50 dernières)…
❌ Erreur : fetch failed
🔄 Lecture de data.json…
📀 805 morceaux dans data.json
📡 Récupération des écoutes Last.fm (50 dernières)…
❌ Erreur : fetch failed
🔄 Lecture de data.json…
📀 805 morceaux dans data.json
📡 Récupération des écoutes Last.fm (50 dernières)…
🎵 50 écoutes récupérées depuis Last.fm

🎵 Track manquante dans un album connu : "Hope Anthem"
⏭️  Album déjà traité cette session : Milk Coffee and Sugar
⏭️  Album déjà traité cette session : Milk Coffee and Sugar
⏭️  Album déjà traité cette session : Milk Coffee and Sugar
⏭️  Album déjà traité cette session : Milk Coffee and Sugar
⏭️  Album déjà traité cette session : Milk Coffee and Sugar
⏭️  Album déjà traité cette session : Milk Coffee and Sugar

✨ Aucun nouveau morceau à ajouter — tout est déjà à jour !
🔄 Lecture de data.json…
📀 805 morceaux dans data.json
📡 Récupération des écoutes Last.fm (50 dernières)…
❌ Erreur : fetch failed
🔄 Lecture de data.json…
📀 805 morceaux dans data.json
📡 Récupération des écoutes Last.fm (50 dernières)…
🎵 50 écoutes récupérées depuis Last.fm

💿 Nouvel album détecté : "you seem pretty sad for a girl so in love" — Olivia Rodrigo
   🔍 Récupération de toutes les pistes…
   ✅ 1. "drop dead"
   ✅ 2. "stupid song"
   ✅ 3. "honeybee"
   ✅ 4. "maggots for brains"
   ✅ 5. "u + me = <3"
   ✅ 6. "my way"
   ✅ 7. "purple"
   ✅ 8. "the cure"
   ✅ 9. "begged"
   ✅ 10. "what’s wrong with me"
   ✅ 11. "less"
   ✅ 12. "expectations"
   ✅ 13. "cigarette smoke"
   → 13 piste(s) ajoutée(s)

🎉 13 morceaux ajoutés dans data.json
📀 Total : 818 morceaux
🔄 Lecture de data.json…
📀 818 morceaux dans data.json
📡 Récupération des écoutes Last.fm (50 dernières)…
🎵 50 écoutes récupérées depuis Last.fm


✨ Aucun nouveau morceau à ajouter — tout est déjà à jour !
node:fs:555
  return binding.open(
                 ^

Error: EPERM: operation not permitted, open '/Users/liliancornet/Documents/COUR MMI/MMI 1/SEMESTRE 2/MMI1 - R2.12 Intégration/TP MARILL/Spoti'Stat/sync.mjs'
    at Object.openSync (node:fs:555:18)
    at readFileSync (node:fs:439:35)
    at getSourceSync (node:internal/modules/esm/load:37:14)
    at defaultLoadSync (node:internal/modules/esm/load:153:34)
    at #loadAndMaybeBlockOnLoaderThread (node:internal/modules/esm/loader:790:12)
    at #loadSync (node:internal/modules/esm/loader:810:49)
    at ModuleLoader.load (node:internal/modules/esm/loader:775:26)
    at ModuleLoader.loadAndTranslate (node:internal/modules/esm/loader:520:31)
    at #getOrCreateModuleJobAfterResolve (node:internal/modules/esm/loader:571:36)
    at afterResolve (node:internal/modules/esm/loader:619:52) {
  errno: -1,
  code: 'EPERM',
  syscall: 'open',
  path: "/Users/liliancornet/Documents/COUR MMI/MMI 1/SEMESTRE 2/MMI1 - R2.12 Intégration/TP MARILL/Spoti'Stat/sync.mjs"
}

Node.js v25.5.0
🔄 Lecture de data.json…
📀 818 morceaux dans data.json
📡 Récupération des écoutes Last.fm (50 dernières)…
🎵 50 écoutes récupérées depuis Last.fm


✨ Aucun nouveau morceau à ajouter — tout est déjà à jour !
🔄 Lecture de data.json…
📀 818 morceaux dans data.json
📡 Récupération des écoutes Last.fm (50 dernières)…
🎵 50 écoutes récupérées depuis Last.fm

🎵 Track manquante dans un album connu : "Prévu, Pas Prévu"
   ✅ Ajout : "Prévu, pas prévu"
💿 Nouvel album détecté : "Le Temps est compté" — Blacko
   🔍 Récupération de toutes les pistes…
   ✅ 1. "Le temps est compté"
   ✅ 2. "Préviens-les"
   ✅ 3. "Accroché à mes rêves"
   ✅ 4. "Choisis"
   ✅ 5. "Dépasse tes limites (starring Joey Starr)"
   ✅ 6. "Le nerf de la guerre"
   ✅ 7. "La rue c'est pas ma mère"
   → 7 piste(s) ajoutée(s)
💿 Nouvel album détecté : "Dualité" — Blacko
   🔍 Récupération de toutes les pistes…
   ✅ 2. "Equilibre"
   ✅ 3. "Ma reine"
   ✅ 4. "Je suis ce que je suis"
   ✅ 5. "Rare sont les vrais amis"
   ✅ 7. "Que Dieu me pardonne"
   ✅ 8. "Le mur du silence"
   ✅ 9. "S.O.S"
   ✅ 11. "Je m'isole"
   ✅ 12. "Ainsi va la vie"
   ✅ 13. "Rêveur"
   ✅ 15. "I'm not rich - The King's Son feat. Blacko (Bonus Track)"
   → 11 piste(s) ajoutée(s)

🎉 19 morceaux ajoutés dans data.json
📀 Total : 837 morceaux
🔄 Lecture de data.json…
📀 837 morceaux dans data.json
📡 Récupération des écoutes Last.fm (50 dernières)…
🎵 50 écoutes récupérées depuis Last.fm

🎵 Track manquante dans un album connu : "Rise Up"
   ✅ Ajout : "Rise Up (feat. Tumi and the Volume)"
⏭️  Album déjà traité cette session : Milk Coffee and Sugar
⏭️  Album déjà traité cette session : Milk Coffee and Sugar

🎉 1 morceau ajouté dans data.json
📀 Total : 838 morceaux
🔄 Lecture de data.json…
📀 838 morceaux dans data.json
📡 Récupération des écoutes Last.fm (50 dernières)…
🎵 50 écoutes récupérées depuis Last.fm

🎵 Track manquante dans un album connu : "Rise Up"
⏭️  Album déjà traité cette session : Milk Coffee and Sugar
⏭️  Album déjà traité cette session : Milk Coffee and Sugar

✨ Aucun nouveau morceau à ajouter — tout est déjà à jour !
🔄 Lecture de data.json…
📀 838 morceaux dans data.json
📡 Récupération des écoutes Last.fm (50 dernières)…
🎵 50 écoutes récupérées depuis Last.fm

🎵 Track manquante dans un album connu : "Rise Up"
⏭️  Album déjà traité cette session : Milk Coffee and Sugar
⏭️  Album déjà traité cette session : Milk Coffee and Sugar

✨ Aucun nouveau morceau à ajouter — tout est déjà à jour !
🔄 Lecture de data.json…
📀 838 morceaux dans data.json
📡 Récupération des écoutes Last.fm (50 dernières)…
🎵 50 écoutes récupérées depuis Last.fm

🎵 Track manquante dans un album connu : "Rise Up"
⏭️  Album déjà traité cette session : Milk Coffee and Sugar
⏭️  Album déjà traité cette session : Milk Coffee and Sugar

✨ Aucun nouveau morceau à ajouter — tout est déjà à jour !
🔄 Lecture de data.json…
📀 838 morceaux dans data.json
📡 Récupération des écoutes Last.fm (50 dernières)…
🎵 50 écoutes récupérées depuis Last.fm

🎵 Track manquante dans un album connu : "Rise Up"
⏭️  Album déjà traité cette session : Milk Coffee and Sugar
⏭️  Album déjà traité cette session : Milk Coffee and Sugar

✨ Aucun nouveau morceau à ajouter — tout est déjà à jour !
